File "tests/apply-fail.meja", line 1, characters 33-37:
Error: Incompatable types '_' and 'unit':
Cannot unify 'int' and 'unit'.

