File "tests/request.meja", line 4, characters 24-46:
Error: Unbound constructor Snarky__Request.Repond.
