File "tests/wrong_optional_arg.meja", line 5, characters 32-34:
Error: Incompatible types option('a) and int:
       Cannot unify option('a) and int
